// Jest Snapshot v1, https://goo.gl/fbAQLP

exports[`<TrustpilotBody /> render() Shallow rendering - MatchSnapshot 1`] = `
ShallowWrapper {
  Symbol(enzyme.__root__): [Circular],
  Symbol(enzyme.__unrendered__): <TrustpilotBody />,
  Symbol(enzyme.__renderer__): Object {
    "batchedUpdates": [Function],
    "checkPropTypes": [Function],
    "getNode": [Function],
    "render": [Function],
    "simulateError": [Function],
    "simulateEvent": [Function],
    "unmount": [Function],
  },
  Symbol(enzyme.__node__): Object {
    "instance": null,
    "key": undefined,
    "nodeType": "function",
    "props": Object {
      "children": <Paragraph
        styleProps={
          Object {
            "color": "#FFFFFF",
            "fontSize": "17px",
            "margin": "1em 0",
          }
        }
      >
        Show us your love by leaving a
        <ForwardRef(Box)
          color="#00C48C"
          component="span"
          px={0.5}
        >
          positive
        </ForwardRef(Box)>
        review on trust pilot and receive the extension of
        <ForwardRef(Box)
          color="#FFFFFF"
          component="span"
          fontWeight="700"
          pl={0.5}
        >
          50 additional products.
        </ForwardRef(Box)>
      </Paragraph>,
    },
    "ref": null,
    "rendered": Object {
      "instance": null,
      "key": undefined,
      "nodeType": "function",
      "props": Object {
        "children": Array [
          "Show us your love by leaving a",
          <ForwardRef(Box)
            color="#00C48C"
            component="span"
            px={0.5}
          >
            positive
          </ForwardRef(Box)>,
          "review on trust pilot and receive the extension of",
          <ForwardRef(Box)
            color="#FFFFFF"
            component="span"
            fontWeight="700"
            pl={0.5}
          >
            50 additional products.
          </ForwardRef(Box)>,
        ],
        "styleProps": Object {
          "color": "#FFFFFF",
          "fontSize": "17px",
          "margin": "1em 0",
        },
      },
      "ref": null,
      "rendered": Array [
        "Show us your love by leaving a",
        Object {
          "instance": null,
          "key": undefined,
          "nodeType": "function",
          "props": Object {
            "children": "positive",
            "color": "#00C48C",
            "component": "span",
            "px": 0.5,
          },
          "ref": null,
          "rendered": "positive",
          "type": Object {
            "$$typeof": Symbol(react.forward_ref),
            "propTypes": Object {
              "children": [Function],
              "component": [Function],
              "sx": [Function],
            },
            "render": [Function],
          },
        },
        "review on trust pilot and receive the extension of",
        Object {
          "instance": null,
          "key": undefined,
          "nodeType": "function",
          "props": Object {
            "children": "50 additional products.",
            "color": "#FFFFFF",
            "component": "span",
            "fontWeight": "700",
            "pl": 0.5,
          },
          "ref": null,
          "rendered": "50 additional products.",
          "type": Object {
            "$$typeof": Symbol(react.forward_ref),
            "propTypes": Object {
              "children": [Function],
              "component": [Function],
              "sx": [Function],
            },
            "render": [Function],
          },
        },
      ],
      "type": [Function],
    },
    "type": Symbol(react.fragment),
  },
  Symbol(enzyme.__nodes__): Array [
    Object {
      "instance": null,
      "key": undefined,
      "nodeType": "function",
      "props": Object {
        "children": <Paragraph
          styleProps={
            Object {
              "color": "#FFFFFF",
              "fontSize": "17px",
              "margin": "1em 0",
            }
          }
        >
          Show us your love by leaving a
          <ForwardRef(Box)
            color="#00C48C"
            component="span"
            px={0.5}
          >
            positive
          </ForwardRef(Box)>
          review on trust pilot and receive the extension of
          <ForwardRef(Box)
            color="#FFFFFF"
            component="span"
            fontWeight="700"
            pl={0.5}
          >
            50 additional products.
          </ForwardRef(Box)>
        </Paragraph>,
      },
      "ref": null,
      "rendered": Object {
        "instance": null,
        "key": undefined,
        "nodeType": "function",
        "props": Object {
          "children": Array [
            "Show us your love by leaving a",
            <ForwardRef(Box)
              color="#00C48C"
              component="span"
              px={0.5}
            >
              positive
            </ForwardRef(Box)>,
            "review on trust pilot and receive the extension of",
            <ForwardRef(Box)
              color="#FFFFFF"
              component="span"
              fontWeight="700"
              pl={0.5}
            >
              50 additional products.
            </ForwardRef(Box)>,
          ],
          "styleProps": Object {
            "color": "#FFFFFF",
            "fontSize": "17px",
            "margin": "1em 0",
          },
        },
        "ref": null,
        "rendered": Array [
          "Show us your love by leaving a",
          Object {
            "instance": null,
            "key": undefined,
            "nodeType": "function",
            "props": Object {
              "children": "positive",
              "color": "#00C48C",
              "component": "span",
              "px": 0.5,
            },
            "ref": null,
            "rendered": "positive",
            "type": Object {
              "$$typeof": Symbol(react.forward_ref),
              "propTypes": Object {
                "children": [Function],
                "component": [Function],
                "sx": [Function],
              },
              "render": [Function],
            },
          },
          "review on trust pilot and receive the extension of",
          Object {
            "instance": null,
            "key": undefined,
            "nodeType": "function",
            "props": Object {
              "children": "50 additional products.",
              "color": "#FFFFFF",
              "component": "span",
              "fontWeight": "700",
              "pl": 0.5,
            },
            "ref": null,
            "rendered": "50 additional products.",
            "type": Object {
              "$$typeof": Symbol(react.forward_ref),
              "propTypes": Object {
                "children": [Function],
                "component": [Function],
                "sx": [Function],
              },
              "render": [Function],
            },
          },
        ],
        "type": [Function],
      },
      "type": Symbol(react.fragment),
    },
  ],
  Symbol(enzyme.__options__): Object {
    "adapter": ReactSixteenAdapter {
      "options": Object {
        "enableComponentDidUpdateOnSetState": true,
        "legacyContextMode": "parent",
        "lifecycles": Object {
          "componentDidUpdate": Object {
            "onSetState": true,
          },
          "getChildContext": Object {
            "calledByRenderer": false,
          },
          "getDerivedStateFromError": true,
          "getDerivedStateFromProps": Object {
            "hasShouldComponentUpdateBug": false,
          },
          "getSnapshotBeforeUpdate": true,
          "setState": Object {
            "skipsComponentDidUpdateOnNullish": true,
          },
        },
      },
    },
    Symbol(enzyme.__providerValues__): undefined,
  },
  Symbol(enzyme.__providerValues__): Map {},
}
`;
